ERROR 2025-12-21T04:43:55.072+00:00 ThreadId(10) [1P:op-settings/src/store/json_store.rs:82] Os { code: 2, kind: NotFound, message: "No such file or directory" }
INFO  2025-12-21T04:43:55.073+00:00 ThreadId(10) [1P:op-settings/src/store/json_store.rs:118] Settings file "/home/<redacted-username>/.config/1Password/settings/settings.json" missing, using defaults.
INFO  2025-12-21T04:43:55.080+00:00 ThreadId(10) [client:typescript] Client starting.
ERROR 2025-12-21T04:43:58.193+00:00 ThreadId(10) [1P:op-crash-reporting/src/crash_report.rs:156] Failed to load crash reports from disk: Os { code: 2, kind: NotFound, message: "No such file or directory" }
INFO  2025-12-21T04:43:58.201+00:00 ThreadId(10) [1P:op-localization/src/lib.rs:239] system locale detected as 'en-US'
INFO  2025-12-21T04:43:58.201+00:00 ThreadId(10) [1P:op-localization/src/lib.rs:265] selected translations for EN_US based on detected locale en-US
INFO  2025-12-21T04:43:58.201+00:00 ThreadId(10) [status:app/op-app/src/app.rs:1051] App::new(1Password for Linux/81122026 (EN_US), /home/<redacted-username>/.config/1Password)
INFO  2025-12-21T04:43:58.325+00:00 ThreadId(10) [1P:data/op-db/src/common/mod.rs:186] Core DB Integrity Check Succeeded
INFO  2025-12-21T04:43:58.325+00:00 ThreadId(10) [1P:data/op-db/src/core_db/db.rs:145] Starting Core DB at version: 0
INFO  2025-12-21T04:43:58.325+00:00 ThreadId(10) [1P:data/op-db/src/core_db/db.rs:163] Database is being created at '/home/<redacted-username>/.config/1Password/1password.sqlite' (sqlite: 3050002)
INFO  2025-12-21T04:43:58.381+00:00 ThreadId(10) [1P:data/op-db/src/core_db/db.rs:559] Updated DB Schema to version 001
INFO  2025-12-21T04:43:58.400+00:00 ThreadId(10) [1P:data/op-db/src/core_db/db.rs:598] Updated DB Schema to version 002
INFO  2025-12-21T04:43:58.421+00:00 ThreadId(10) [1P:data/op-db/src/core_db/db.rs:610] Updated DB Schema to version 003
INFO  2025-12-21T04:43:58.440+00:00 ThreadId(10) [1P:data/op-db/src/core_db/db.rs:626] Updated DB Schema to version 005
INFO  2025-12-21T04:43:58.458+00:00 ThreadId(10) [1P:data/op-db/src/core_db/db.rs:642] Updated DB Schema to version 006
INFO  2025-12-21T04:43:58.476+00:00 ThreadId(10) [1P:data/op-db/src/core_db/db.rs:656] Updated DB Schema to version 007
INFO  2025-12-21T04:43:58.495+00:00 ThreadId(10) [1P:data/op-db/src/core_db/db.rs:670] Updated DB Schema to version 008
INFO  2025-12-21T04:43:58.514+00:00 ThreadId(10) [1P:data/op-db/src/core_db/db.rs:684] Updated DB Schema to version 009
INFO  2025-12-21T04:43:58.533+00:00 ThreadId(10) [1P:data/op-db/src/core_db/db.rs:698] Updated DB Schema to version 011
INFO  2025-12-21T04:43:58.533+00:00 ThreadId(10) [1P:data/op-db/src/core_db/db.rs:713] Updated DB Schema to version 012
INFO  2025-12-21T04:43:58.551+00:00 ThreadId(10) [1P:data/op-db/src/core_db/db.rs:727] Updated DB Schema to version 013
INFO  2025-12-21T04:43:58.570+00:00 ThreadId(10) [1P:data/op-db/src/core_db/db.rs:741] Updated DB Schema to version 014
INFO  2025-12-21T04:43:58.588+00:00 ThreadId(10) [1P:data/op-db/src/core_db/db.rs:755] Updated DB Schema to version 015
INFO  2025-12-21T04:43:58.607+00:00 ThreadId(10) [1P:data/op-db/src/core_db/db.rs:769] Updated DB Schema to version 016
INFO  2025-12-21T04:43:58.627+00:00 ThreadId(10) [1P:data/op-db/src/core_db/db.rs:783] Updated DB Schema to version 017
INFO  2025-12-21T04:43:58.647+00:00 ThreadId(10) [1P:data/op-db/src/core_db/db.rs:797] Updated DB Schema to version 018
INFO  2025-12-21T04:43:58.666+00:00 ThreadId(10) [1P:data/op-db/src/core_db/db.rs:811] Updated DB Schema to version 019
INFO  2025-12-21T04:43:58.704+00:00 ThreadId(10) [1P:data/op-db/src/core_db/db.rs:928] Updated DB Schema to version 021
INFO  2025-12-21T04:43:58.723+00:00 ThreadId(10) [1P:data/op-db/src/core_db/db.rs:942] Updated DB Schema to version 022
INFO  2025-12-21T04:43:58.743+00:00 ThreadId(10) [1P:data/op-db/src/core_db/db.rs:956] Updated DB Schema to version 023
INFO  2025-12-21T04:43:58.762+00:00 ThreadId(10) [1P:data/op-db/src/core_db/db.rs:970] Updated DB Schema to version 024
INFO  2025-12-21T04:43:58.782+00:00 ThreadId(10) [1P:data/op-db/src/core_db/db.rs:984] Updated DB Schema to version 025
INFO  2025-12-21T04:43:58.800+00:00 ThreadId(10) [1P:data/op-db/src/core_db/db.rs:1100] Updated DB Schema to version 026
INFO  2025-12-21T04:43:58.819+00:00 ThreadId(10) [1P:data/op-db/src/core_db/db.rs:1114] Updated DB Schema to version 027
INFO  2025-12-21T04:43:58.838+00:00 ThreadId(10) [1P:data/op-db/src/core_db/db.rs:1128] Updated DB Schema to version 028
INFO  2025-12-21T04:43:58.857+00:00 ThreadId(10) [1P:data/op-db/src/core_db/db.rs:1142] Updated DB Schema to version 029
INFO  2025-12-21T04:43:58.876+00:00 ThreadId(10) [1P:data/op-db/src/core_db/db.rs:1156] Updated DB Schema to version 030
INFO  2025-12-21T04:43:58.895+00:00 ThreadId(10) [1P:data/op-db/src/core_db/db.rs:1169] Updated DB Schema to version 031
INFO  2025-12-21T04:43:58.914+00:00 ThreadId(10) [1P:data/op-db/src/core_db/db.rs:1182] Updated DB Schema to version 032
INFO  2025-12-21T04:43:58.934+00:00 ThreadId(10) [1P:data/op-db/src/core_db/db.rs:1195] Updated DB Schema to version 033
INFO  2025-12-21T04:43:58.954+00:00 ThreadId(10) [1P:data/op-db/src/core_db/db.rs:1208] Updated DB Schema to version 034
INFO  2025-12-21T04:43:58.973+00:00 ThreadId(10) [1P:data/op-db/src/core_db/db.rs:1221] Updated DB Schema to version 035
INFO  2025-12-21T04:43:58.992+00:00 ThreadId(10) [1P:data/op-db/src/core_db/db.rs:1234] Updated DB Schema to version 036
INFO  2025-12-21T04:43:59.010+00:00 ThreadId(10) [1P:data/op-db/src/core_db/db.rs:1247] Updated DB Schema to version 037
INFO  2025-12-21T04:43:59.028+00:00 ThreadId(10) [1P:data/op-db/src/core_db/db.rs:1260] Updated DB Schema to version 038
INFO  2025-12-21T04:43:59.047+00:00 ThreadId(10) [1P:data/op-db/src/core_db/db.rs:1272] Updated DB Schema to version 039
INFO  2025-12-21T04:43:59.065+00:00 ThreadId(10) [1P:data/op-db/src/core_db/db.rs:1285] Updated DB Schema to version 040
INFO  2025-12-21T04:43:59.083+00:00 ThreadId(10) [1P:data/op-db/src/core_db/db.rs:1298] Updated DB Schema to version 041
INFO  2025-12-21T04:43:59.102+00:00 ThreadId(10) [1P:data/op-db/src/core_db/db.rs:1311] Updated DB Schema to version 042
INFO  2025-12-21T04:43:59.121+00:00 ThreadId(10) [1P:data/op-db/src/core_db/db.rs:1324] Updated DB Schema to version 043
INFO  2025-12-21T04:43:59.139+00:00 ThreadId(10) [1P:data/op-db/src/core_db/db.rs:1340] Updated DB Schema to version 044
INFO  2025-12-21T04:43:59.157+00:00 ThreadId(10) [1P:data/op-db/src/core_db/db.rs:1353] Updated DB Schema to version 045
INFO  2025-12-21T04:43:59.176+00:00 ThreadId(10) [1P:data/op-db/src/core_db/db.rs:1366] Updated DB Schema to version 046
INFO  2025-12-21T04:43:59.195+00:00 ThreadId(10) [1P:data/op-db/src/core_db/db.rs:1379] Updated DB Schema to version 047
INFO  2025-12-21T04:43:59.196+00:00 ThreadId(10) [1P:data/op-db/src/common/mod.rs:155] Core DB Table Integrity Check Succeeded
INFO  2025-12-21T04:43:59.287+00:00 ThreadId(10) [1P:data/op-db/src/common/mod.rs:186] Resources DB Integrity Check Succeeded
INFO  2025-12-21T04:43:59.287+00:00 ThreadId(10) [1P:data/op-db/src/common/mod.rs:155] Resources DB Table Integrity Check Succeeded
INFO  2025-12-21T04:43:59.287+00:00 ThreadId(10) [1P:data/op-db/src/resources_db/db.rs:110] Starting Resources DB at version: 0
INFO  2025-12-21T04:43:59.287+00:00 ThreadId(10) [1P:data/op-db/src/resources_db/db.rs:122] Resources Database is being created at '/home/<redacted-username>/.config/1Password/1password_resources.sqlite' (sqlite: 3050002)
INFO  2025-12-21T04:43:59.342+00:00 ThreadId(10) [1P:data/op-db/src/resources_db/db.rs:220] Updated DB Schema to version 001
ERROR 2025-12-21T04:43:59.378+00:00 ThreadId(10) [1P:/mnt/ephemeral/builds/dev/core/core/ssh/op-ssh-config/src/lib.rs:251] Failed to start ssh config file watcher: Io(Os { code: 2, kind: NotFound, message: "No such file or directory" })
INFO  2025-12-21T04:43:59.389+00:00 ThreadId(10) [1P:native-messaging/op-nm-installer/src/nix_utils.rs:48] Creating manifest directory for Chromium at /home/<redacted-username>/.config/google-chrome/NativeMessagingHosts
INFO  2025-12-21T04:43:59.389+00:00 ThreadId(10) [1P:native-messaging/op-nm-installer/src/nix_utils.rs:68] Created NMH manifest at /home/<redacted-username>/.config/google-chrome/NativeMessagingHosts/com.1password.1password.json
INFO  2025-12-21T04:43:59.389+00:00 ThreadId(10) [1P:native-messaging/op-nm-installer/src/nix_utils.rs:48] Creating manifest directory for Chromium at /home/<redacted-username>/.config/google-chrome-beta/NativeMessagingHosts
INFO  2025-12-21T04:43:59.389+00:00 ThreadId(10) [1P:native-messaging/op-nm-installer/src/nix_utils.rs:68] Created NMH manifest at /home/<redacted-username>/.config/google-chrome-beta/NativeMessagingHosts/com.1password.1password.json
INFO  2025-12-21T04:43:59.389+00:00 ThreadId(10) [1P:native-messaging/op-nm-installer/src/nix_utils.rs:48] Creating manifest directory for Chromium at /home/<redacted-username>/.config/google-chrome-unstable/NativeMessagingHosts
INFO  2025-12-21T04:43:59.389+00:00 ThreadId(10) [1P:native-messaging/op-nm-installer/src/nix_utils.rs:68] Created NMH manifest at /home/<redacted-username>/.config/google-chrome-unstable/NativeMessagingHosts/com.1password.1password.json
INFO  2025-12-21T04:43:59.390+00:00 ThreadId(10) [1P:native-messaging/op-nm-installer/src/nix_utils.rs:68] Created NMH manifest at /home/<redacted-username>/.config/chromium/NativeMessagingHosts/com.1password.1password.json
INFO  2025-12-21T04:43:59.390+00:00 ThreadId(10) [1P:native-messaging/op-nm-installer/src/nix_utils.rs:48] Creating manifest directory for Chromium at /home/<redacted-username>/.config/microsoft-edge-dev/NativeMessagingHosts
INFO  2025-12-21T04:43:59.390+00:00 ThreadId(10) [1P:native-messaging/op-nm-installer/src/nix_utils.rs:68] Created NMH manifest at /home/<redacted-username>/.config/microsoft-edge-dev/NativeMessagingHosts/com.1password.1password.json
INFO  2025-12-21T04:43:59.390+00:00 ThreadId(10) [1P:native-messaging/op-nm-installer/src/nix_utils.rs:48] Creating manifest directory for Chromium at /home/<redacted-username>/.config/BraveSoftware/Brave-Browser/NativeMessagingHosts
INFO  2025-12-21T04:43:59.390+00:00 ThreadId(10) [1P:native-messaging/op-nm-installer/src/nix_utils.rs:68] Created NMH manifest at /home/<redacted-username>/.config/BraveSoftware/Brave-Browser/NativeMessagingHosts/com.1password.1password.json
INFO  2025-12-21T04:43:59.390+00:00 ThreadId(10) [1P:native-messaging/op-nm-installer/src/nix_utils.rs:48] Creating manifest directory for Chromium at /home/<redacted-username>/.config/vivaldi/NativeMessagingHosts
INFO  2025-12-21T04:43:59.390+00:00 ThreadId(10) [1P:native-messaging/op-nm-installer/src/nix_utils.rs:68] Created NMH manifest at /home/<redacted-username>/.config/vivaldi/NativeMessagingHosts/com.1password.1password.json
INFO  2025-12-21T04:43:59.390+00:00 ThreadId(10) [1P:native-messaging/op-nm-installer/src/nix_utils.rs:48] Creating manifest directory for Chromium at /home/<redacted-username>/.config/vivaldi-snapshot/NativeMessagingHosts
INFO  2025-12-21T04:43:59.390+00:00 ThreadId(10) [1P:native-messaging/op-nm-installer/src/nix_utils.rs:68] Created NMH manifest at /home/<redacted-username>/.config/vivaldi-snapshot/NativeMessagingHosts/com.1password.1password.json
INFO  2025-12-21T04:43:59.391+00:00 ThreadId(10) [1P:native-messaging/op-nm-installer/src/nix_utils.rs:48] Creating manifest directory for Firefox at /home/<redacted-username>/.mozilla/native-messaging-hosts
INFO  2025-12-21T04:43:59.391+00:00 ThreadId(10) [1P:native-messaging/op-nm-installer/src/nix_utils.rs:68] Created NMH manifest at /home/<redacted-username>/.mozilla/native-messaging-hosts/com.1password.1password.json
INFO  2025-12-21T04:43:59.391+00:00 ThreadId(10) [1P:native-messaging/op-nm-installer/src/nix_utils.rs:83] Successfully installed all native messaging manifests.
INFO  2025-12-21T04:43:59.391+00:00 ThreadId(10) [1P:app/op-app/src/app.rs:1710] initializing Developer Environment mount handler
INFO  2025-12-21T04:43:59.392+00:00 runtime-worker(ThreadId(1)) [1P:native-messaging/op-nm-installer/src/nix_utils.rs:68] Created NMH manifest at /home/<redacted-username>/.config/google-chrome/NativeMessagingHosts/com.1password.1password.json
INFO  2025-12-21T04:43:59.392+00:00 runtime-worker(ThreadId(1)) [1P:native-messaging/op-nm-installer/src/nix_utils.rs:68] Created NMH manifest at /home/<redacted-username>/.config/google-chrome-beta/NativeMessagingHosts/com.1password.1password.json
INFO  2025-12-21T04:43:59.392+00:00 runtime-worker(ThreadId(1)) [1P:native-messaging/op-nm-installer/src/nix_utils.rs:68] Created NMH manifest at /home/<redacted-username>/.config/google-chrome-unstable/NativeMessagingHosts/com.1password.1password.json
INFO  2025-12-21T04:43:59.392+00:00 runtime-worker(ThreadId(1)) [1P:native-messaging/op-nm-installer/src/nix_utils.rs:68] Created NMH manifest at /home/<redacted-username>/.config/chromium/NativeMessagingHosts/com.1password.1password.json
INFO  2025-12-21T04:43:59.393+00:00 runtime-worker(ThreadId(1)) [1P:native-messaging/op-nm-installer/src/nix_utils.rs:68] Created NMH manifest at /home/<redacted-username>/.config/microsoft-edge-dev/NativeMessagingHosts/com.1password.1password.json
INFO  2025-12-21T04:43:59.393+00:00 runtime-worker(ThreadId(1)) [1P:native-messaging/op-nm-installer/src/nix_utils.rs:68] Created NMH manifest at /home/<redacted-username>/.config/BraveSoftware/Brave-Browser/NativeMessagingHosts/com.1password.1password.json
INFO  2025-12-21T04:43:59.393+00:00 runtime-worker(ThreadId(1)) [1P:native-messaging/op-nm-installer/src/nix_utils.rs:68] Created NMH manifest at /home/<redacted-username>/.config/vivaldi/NativeMessagingHosts/com.1password.1password.json
INFO  2025-12-21T04:43:59.393+00:00 runtime-worker(ThreadId(1)) [1P:native-messaging/op-nm-installer/src/nix_utils.rs:68] Created NMH manifest at /home/<redacted-username>/.config/vivaldi-snapshot/NativeMessagingHosts/com.1password.1password.json
INFO  2025-12-21T04:43:59.393+00:00 runtime-worker(ThreadId(6)) [1P:op-global-shortcuts/src/node.rs:38] Global shortcut registration is not available on this system.
INFO  2025-12-21T04:43:59.393+00:00 runtime-worker(ThreadId(2)) [1P:op-global-shortcuts/src/node.rs:38] Global shortcut registration is not available on this system.
INFO  2025-12-21T04:43:59.394+00:00 runtime-worker(ThreadId(1)) [1P:native-messaging/op-nm-installer/src/nix_utils.rs:68] Created NMH manifest at /home/<redacted-username>/.mozilla/native-messaging-hosts/com.1password.1password.json
INFO  2025-12-21T04:43:59.394+00:00 runtime-worker(ThreadId(1)) [1P:native-messaging/op-nm-installer/src/nix_utils.rs:83] Successfully installed all native messaging manifests.
INFO  2025-12-21T04:43:59.397+00:00 runtime-worker(ThreadId(6)) [1P:app/op-app-common/src/unlocked_session_keepalive.rs:70] Starting unlocked session keepalive
ERROR 2025-12-21T04:43:59.402+00:00 runtime-worker(ThreadId(2)) [1P:native-messaging/op-native-core-integration/src/lib.rs:762] Listener on SETTING_STATUS has been dropped, unable to communicate changes made to browser SLS setting
INFO  2025-12-21T04:43:59.402+00:00 runtime-worker(ThreadId(1)) [1P:native-messaging/op-native-core-integration/src/lib.rs:568] Starting IPC listener on 1Password-BrowserSupport
ERROR 2025-12-21T04:43:59.403+00:00 ThreadId(10) [1P:ffi/op-core-node/src/lib.rs:559] Io(Os { code: 2, kind: NotFound, message: "No such file or directory" })
INFO  2025-12-21T04:43:59.403+00:00 runtime-worker(ThreadId(2)) [1P:native-messaging/op-native-core-integration/src/lib.rs:580] Active native core integration is awaiting messages
INFO  2025-12-21T04:43:59.407+00:00 runtime-worker(ThreadId(1)) [1P:ssh/op-agent-controller/src/lib.rs:584] Starting filesystem watcher for SSH agent configuration directories...
ERROR 2025-12-21T04:43:59.411+00:00 runtime-worker(ThreadId(1)) [1P:/mnt/ephemeral/builds/dev/core/core/ssh/op-agent-controller/src/lib.rs:585] Io(Os { code: 2, kind: NotFound, message: "No such file or directory" })
ERROR 2025-12-21T04:43:59.495+00:00 ThreadId(10) [client:typescript] Could not load window state.
INFO  2025-12-21T04:44:03.570+00:00 runtime-worker(ThreadId(1)) [1P:op-b5-client/src/b5_client/features/mod.rs:381] Using feature-rollout-service for pre-registration features.
INFO  2025-12-21T04:44:03.635+00:00 1p-enable-crash-reporter(ThreadId(13)) [1P:op-crash-reporting/src/crash_handler.rs:276] Started crash handler thread
INFO  2025-12-21T04:44:04.137+00:00 runtime-worker(ThreadId(5)) [1P:app/op-app/src/app/backend/frontend.rs:22] Front end event: window closed
INFO  2025-12-21T05:48:25.138+00:00 runtime-worker(ThreadId(1)) [1P:app/op-app/src/app/backend/lock.rs:211] Lock state changed: Locked
INFO  2025-12-21T05:48:25.138+00:00 runtime-worker(ThreadId(1)) [1P:app/op-app/src/app/backend/lock.rs:246] Locked. Reason: Manual.
INFO  2025-12-21T05:48:25.139+00:00 runtime-worker(ThreadId(8)) [1P:app/op-app/src/app/backend/mycelium/task_management.rs:65] Received a Mycelium channel close request, ignoring request as no task is actively running
INFO  2025-12-21T05:53:25.007+00:00 runtime-worker(ThreadId(3)) [1P:app/op-app/src/app/backend/lock.rs:211] Lock state changed: Locked
INFO  2025-12-21T05:53:25.007+00:00 runtime-worker(ThreadId(3)) [1P:app/op-app/src/app/backend/lock.rs:246] Locked. Reason: Manual.
INFO  2025-12-21T05:53:25.007+00:00 runtime-worker(ThreadId(4)) [1P:app/op-app/src/app/backend/mycelium/task_management.rs:65] Received a Mycelium channel close request, ignoring request as no task is actively running
